// Jest Snapshot v1, https://goo.gl/fbAQLP

exports[`ReactwayImagePlugin displaying stats Adding plugin to config 1`] = `""`;

exports[`ReactwayImagePlugin displaying stats Adding plugin to config 2`] = `"module.exports = {src: __webpack_public_path__ + \\"assets/images/a1036f6e96c70017-1000jpg-600h.jpg\\",toString:function(){return __webpack_public_path__ + \\"assets/images/a1036f6e96c70017-1000jpg-600h.jpg\\"}};"`;

exports[`ReactwayImagePlugin loader Image loader with limit as a number 1`] = `"module.exports = \\"data:image/jpeg;base64,/9j/2wBDAAYEBQYFBAYGBQYHBwYIChAKCgkJChQODwwQFxQYGBcUFhYaHSUfGhsjHBYWICwgIyYnKSopGR8tMC0oMCUoKSj/2wBDAQcHBwoIChMKChMoGhYaKCgoKCgoKCgoKCgoKCgoKCgoKCgoKCgoKCgoKCgoKCgoKCgoKCgoKCgoKCgoKCgoKCj/wAARCAJYAlgDASIAAhEBAxEB/8QAGwABAAIDAQEAAAAAAAAAAAAAAAUGAQMEAgf/xAA+EAEAAgECBAMECAMGBgMAAAAAAQIDBBEFEiExBkFRE2FxsRQiMjRygZGhIzPBQlNzstHhFSQlUmLwgpKi/8QAFAEBAAAAAAAAAAAAAAAAAAAAAP/EABQRAQAAAAAAAAAAAAAAAAAAAAD/2gAMAwEAAhEDEQA/APsoAAAAAAAAAAAAAAAAAAAAAAAAAAAAAAAAAAAAAAAAAAAAAAAAAAAAAAAAAAAAAAAAAAAAAAAAAAAAAAAAAAAAAAAAAAAAAAAAAAAAAAAAAAAAAAAAAAAAAAAAAAAAAAAAAAAAAAAAAAAAAAAAAAAAAAAAAAAAAAAAAAAAAAAAAAAAAAAAAAAAAAAAAAAAAAAAAAAAAAAAAAAAAAAAAAAAAAAAAAAAAAAAAAAAAAAAAAAAAAAAAAAAAAAAAAAAAAAAAAAAAAAAAAAAAAAAAAAAAAAAAAAAAAAAAAAAAAAAAAAAAAAAAAAAAAAAAAAAAAAAAAAAAAAAAAAAAAAAAAAAAAAAAAAAAAAAAAAAAAAAAAAAAAAAAAAAAAAAAAAAAAAAAAAAAAAAAAAAAAAAAAAAAAAAAAAAAAAAAAAAAAAAAAAAAAAAAAAAAAAAAAAAAAAAAAAAAAAAAAAAAAAAAAAAAAAAAAAAAAAAAAAAAAAAAAAAAAAAAAAAAAAAAAAAAAAAAAAAAAAAAAAAAAAAAAAAAAAAAAAAAAAAAAAAAAAAAAAAAAAAAAAAAAAAAAAAAAAAAAAAAAAAAAAAAAAAAAAAAAAAAAAAAAAAAAAAAAAAAAAAAAAAAAAAAAAAAAAAAAAAAAAAAAAAAAAAAAAAAAAAAAAAAAAAAAAAAAAAAAAAAAAAAAAAAAAAAAAAAAAAAAAAAAAAAAAAAAAAAAAAAAAAAAAAAAAAAAAAAAAAAAAAAAAAAAAAAAAAAAAAAAAAAAAAAAAAAAAAAAAAAAAAAAAAAAAAAAAAAAAAAAAAAAAAAAAAAAAAAAAAAAAAAAAAAAAAAAAAAAAAAAAAAAAAAAAAAAAAAAAAAAAAAAAAAAAAAAAAAAAAAAAAAAAAAAAAAAAAAAAAAAAAAAAAAAAAAAAAAAAAAAAAAAAAAAAAAAAAAAAAAAAAAAAAAAAAAAAAAAAAAAAAAAAAAAAAAAAAAAAAAAAAAAAAAAAAAAAAAAAAAAAAAAAAAAAAAAAAAAAAAAAAAAAAAAAAAAAAAAAAAAAAAAAAAAAAAAAAAAAAAAAAAAAAAAAAAAAAAAAAAAAAAAAAAAAAAAAAAAAAAAAAAAAAAAAAAAAAAAAAAAAAAAAAAAAAAAAAAAAAAAAAAAAAAAAAAAAAAAAAAAAAAAAAAAAAAAAAAAAAAAAAAAAAAAAAAAAAAAAAAAAAAAAAAAAAAAAAAAAAAAAAAAAAAAAAAAAAAAAAAAAAAAAAAAAAAAAAAAAAAAAAAAAAAAAAAAAAAAAAAAAAAAAAAAAAAAAAAAAAAAAAAAAAAAAAAAh/EfEbaLT0pp8nLntO/rtEJTTWm+mw2tO9rUrMz79oBsGjW6mmj0182X7NY7R5z6K9XX8Y1s2y6THMYontSsbfDee4LQIbgvFr6nJbTausU1EdvLm27xt5Sl8uSuLHbJkmK0rG8z6QD0KzPFeJa/Lf/h2Oa46+kRM/nMt/DOL541caTiVeXJM7RaY2mJ9J/wBQT4WmK1m1piKxG8zPkrWbi2v12otTheOYpXz23mY9Z36R8AWUV7Q8Y1WDV103FKcvNMRF5jaY9Jn3LCAAAAAAAPGozU0+C+XJMRSkbzuifDmtz62uptqLzbltHLG0RtExPQEyMq7r+ManLq7aXhlOaYnabxG8zMd9vcCwis4+LcQ0GopXieOZx27zNYifjEx0lZaWretbVneto3iY84BkQnGeL5MGojS6KsXz+c7b7b+UR5y4rcR4vobVya3HNsUzttasR+W8dpBaBq0uemp09M2Kd6XjeEbxvi1tHeuDTVi+otG/WN+X06ecglxV767jOjiubU45nFM9YtWIj9uywaDV49bpqZsXSLd4nvE+cA6AAAAAAAAAAAAAAAAAAAAAAAAAAAAAAAAAAAAAAAAAAAAHHxbBqNRpeTSZPZ5OaJ35pjp6dHYAo/FeHanRUrk1N6X9pMxvFpmeke9c9H9z0/8Ah1+UITxj900/47f5U3o/uen/AMOvygEF4tyWtbS6ev8Aambz8e0f1T2mw10+DHipERWlYrCu8e6+INHWe31P8yzArPH6/Q+MaXV4425tpnbzmJ2n9pdvirNOPhsUrP8ANvET8I6/6Obxj/K0s+fNb5Q1+Krb6TQ++s/KATPBdPGn4ZgpERvavPbp3meqL8W4NqYNTTpetuSZ/ePknsEbYccR25Y+SL8UxvwqZ9MlQeeMauZ8PxkrO1s9ax09/du8OaeuHhWKYja2Xe8z6+iH4lO/hnh34vlusXDY24dpYj+6r8gRnizTxfRUzxH1sdtt/dKS4XmnUcO0+W072tSN/jHRz+I434PqN/Lln94Y8NTvwfD7rW+YJND8U4tm0GtpjyYKWwW2mL7zvt5/nCYcHGtF9O0NqViPa0+tT4+n5g7YvX2ftOaOSY5ub3d90VwziuXX63JTHgpGCm8zfed9vL9UFHFMs8I+g7W55tyxP/h6fHfos/B9FGh0NMcx/Ft9bJ8fT8gdoAKtq+DcRyRe+bUVyVrvba2SZ6d3R4O/lar8VflKe1H3fL+C3ylAeDf5Op/FX5SCa4jmnT6DUZY71pMx8fJFeEtPFdJlzzG9725d/dH+7r8RztwfP/8AGP3hjw1H/R8Prvb5yD14gwRn4Vm6fWxxz1n4NXhzPz8Hibzv7GZr19I6pDXRE6HUb/3dvlKv+HrTHBeIe6Jn/wDAM+GKfSdbqtZkje0dpn1tO/yT2t08anSZcNo3i9ZiPj5IjwfH/KaiY7+0iP2T8d4BX/COabYM+G0/YtFo38t+/wAnPwSv03jup1WSN+Te1d/WZ2j9mPDczGu18R25J/a0tng7rGqt+H+oLDmxVzYb4rxE1vExMK/4UvbHm1eltP2frR8Ynaf6LGrPB+niXWRHb+J84BZhlgAAAAAAAAAAAAAAAAAAAAAAAAAAAAAAAAAAAAAAAAAAAAFf8Y/dNP8Ajt/lTej+56f/AA6/KEJ4x+6ab8dvkm9H9z0/+HX5QCv+J49lxLR55j6u0bz8Lb/1WXv27IzxBobazQ/w682XHPNWPWPOEfw7xBixaWuPVUyTkxxy71jfeI9feDHi63Pl0mGOtp3nb4zENni3DtodNMR9i3L+3+zn4fXJxfjP0zJTbBimNo8o27R/VPcU0v0zQ5cP9qY3rPvjsDZockZdFgyR2tjrP7IrxbkivDsdPO+SP2if9nFwnjEcPxW0mtx5P4czEbRvMe6XjLkvx7ieOmOk102Pvv5R5zPvkHRxXBNPDOj3jrj5Jn3bxP8Aql+DZPacL0to/wCyI/To263TV1Ojy6ftFq7R7vT+iucK4nPCpyaTW478tbbxyx1rPn8YkEr4nvFOE3ie971rH67/ANG3w/jnHwfTbxtNom36zKD12qycc1uHT6alq4qzvO/72n0WrFSMeOlKRtWsREQD01arPTTae+bJO1aRvLarXiPVW1OrxcP087zzRzRE97eUfkCJrkzV1FeI+zjl9tMx0+rv32XjT5qajBTLjnel43hx34ZinhX0KNtor0t/5d9/1RXhnV2w58nD8/S0TM1ifKY7x/UFkAB41H3fL+C3ylAeDv5Op/FX5Sn9R93y/gt8pQHg3b2Gp2n+1X5SCU47ScnCdVERvMU5v0ndzeF7xbhUVjvS9on5pa9YvS1bRvW0bTHuVTR6i/AtdmwZ6Wthv1iY7zHlMAsXFckYuG6q0/3cx+vRFeGsE24PqImP5lrRH/12cvFuKTxOtNJosd5i9t53jrb0/JYeH6aNJo8WCs78kdZ9Z8wQvg++2PVY56Wi1bbflssNrRStrW6RWN5lV9R7TgnGLZ6030+XfpHaYnvHxiWzinHaajTWwaSmTnyRyzNo7R6R6yDPhOntM2syz2mIrv8AGZljwpPs9XrMFuloiOnwmY/qlOBaKdFoK1vG2W889o9PSETxSmThXF41uKu+HJO8+m894/qC0Kx4d/jcY1mePs7W2/OzZr/EOK+ltj0tMkZLxtvaPs7/ADl2+HNFbR6KbZazXLlnmmJ7xHlH/vqCVAAAAAAAAAAAAAAAAAAAAAAAAAAAAAAAAAAAAAAAAAAAAABiYi0bWiJ+MMgA5s2g0ma/Pl0+K1/WaukB5x0rjpFMda1rHaKxtEPQA0ajR6fUzE58GPJMedo6/q2YcOLBTkw460r6VjZ7AGnUaXBqYj2+GmTbtzQ3ANeDT4dPTlwYqY6+lY2bAAY5a778td/XZkAY5a83Ny139durIAAAxFYr9mIj4RsyANefBi1FOXPjpkr6WjdsAadPpNPppmdPhpjme81jq3ADzkx0y0mmSlb1nvFo3hpwaHS6e/Nh0+OlvWI6ugAYvSuSk1vWLVnvExvEsgObDoNJhyc+LTYq3jtMV7OkAAAAAAAAAAAAAAAAAAAAAAAAAAAAAAAAAAAAAAAAAAAAAAAAAAAAAAAAAAAAAAAAAAAAAAAAAAAAAAAAAAAAAAAAAAAAAAAAAAAAAAAAAAAAAAAAAAAAAAAAAAAAAAAAAAAAAAAAAAAAAAAAAAAAAAAAAAAAAAAAAAAAAAAAAAAAAAAAAAAAAAAAAAAAAAAAAAAAAAAAAAAAAAAAAAAAAAAAAAAAAAAAAAAAAAAAAAAAAAAAAAAAAAAAAAAAAAAAAAAAAAAAAAAAAAAAAAAAAAAAAAAAAAAAAAAAAAAAAAAAAAAAAAAAAAAAAAAAAAAAAAAAAAAAAAAAAAAAAAAAAAAAAAAAAAAAAAAAAAAAAAAAAAAAAAAAAAAAAAAAAAAAAAAAAAAAAAAAAAAAAAAAAAAAAAAAAAAAAAAAAAAAAAAAAAAAAAAAAAAAAAAAAAAAAAAAAAAAAAAAAAAAAAAAAAAAAAAAAAAAAAAAAAAAAAAAAAAAAAAAAAAAAAAAAAAAAAAAAAAAAAAAAAAAAAAAAAAAAAAAAAAAAAAAAAAAAAAAAAAAAAAAAAAAAAAAAAAAAAAAAAAAAAAAAAAAAAAAAAAAAAAAAAAAAAAAAAAAAAAAAAAAAAAAAAAAAAAAAAAAAAAAAAAAAAAAAAAAAAAAAAAAAAAAAAAAAAAAAAAAAAAAAAAAAAAAAAAAAAAAAAAAAAAAAAAAAAAAAAAAAAAAAAAAAAAAAAAAAAAAAAAAAAAAAAAAAAAAAAAAAAAAAAAAAAAAAAAAAAAAAAAAAAAAAAAAAAAAAAAAAAAAAAAAAAAAAAAAAAAAAAAAAAAAAAAAAAAAAAAAAAAAAAAAAAAAAAAAAAAAAAAAAAAAAAAAAAAAAAAAAAAAAAAAAAAAAAAAAAAAAAAAAAAAAAAAAAAAAAAAAAAAAAAAAAAAAAAAAAAAAAAAAAAAAAAAAAAAAAAAAAAAAAAAAAAAAAAAAAAAAAAAAAAAAAAAAAAAAAAAAAAAAAAAAAAAAAAAAAAAAAAAAAAAAAAAAAAAAAAAAAAAAAAAAAAAAAAAAAAAAAAAAAAAAAAAAAAAAAAAAAAAAAAAAAAAAAAAAAAAAAAAAAAAAAAAAAAAAAAAAAAAAAAAAAAAAAAAAAAAAAAAAAAAAAAAAAAAAAAAAAAAAAAAAAAAAAAAAAAAAAAAAAAAAAAAAAAAAAAAAAAAAAAAAAAAAAAAAAAAAAAAAAABq1GX2NKztE72ivW3LH6/k801eO9Yn61em/2f1jf3bg3jRfV4a0m3PvHbpHx/0ktqsVYmZmdo26xHSd43jqDeOeNVW18VccTaLzG9tukRyzPf17MxqIjJkreLRyzMRMVnadqxP6g3jVfPSuG+SJ3rTvP6f6td9VE2mMNYyRFq1mebbrP5A6Ry/TKxeaTS3NGT2e2/eN9ub4N1ctbYPa9YrtMz8IBsGmct4pE2xTFrTEVrzR139/k1zrK1tMWpaJisz3j7W8xy/sDqHnFf2mKl9tuasW29N4AegAAAAAAAAAAAAAAAAAAAAAAAAAAAAAAAAAAAAAAAAAAAAAAAAAAAAAAAAAAAAAYvSt9uaInad4+LxODHNrWmu82iYnrPn3AHn6Niik1im0bxPSZjrttu9Ww47VmJr0mYnv6RtAARgxxet4rPNXt1n02+TE4aRktkr0yT5zMzG+22+3wAGceClMFcMR9SI2+P/svVqVtabWje0zE77+nYAY9lj/7Y33338999/nEMUwUp0jm2332m0zHn5fmAMfR8fJybW27/AGp3j4T5M1w467bUjpt36+v79ZAHutYpWK1jasRtEAA//9k=\\""`;

exports[`ReactwayImagePlugin loader Image loader with limit as a number but in string format 1`] = `"module.exports = \\"data:image/jpeg;base64,/9j/2wBDAAYEBQYFBAYGBQYHBwYIChAKCgkJChQODwwQFxQYGBcUFhYaHSUfGhsjHBYWICwgIyYnKSopGR8tMC0oMCUoKSj/2wBDAQcHBwoIChMKChMoGhYaKCgoKCgoKCgoKCgoKCgoKCgoKCgoKCgoKCgoKCgoKCgoKCgoKCgoKCgoKCgoKCgoKCj/wAARCAJYAlgDASIAAhEBAxEB/8QAGwABAAIDAQEAAAAAAAAAAAAAAAUGAQMEAgf/xAA+EAEAAgECBAMECAMGBgMAAAAAAQIDBBEFEiExBkFRE2FxsRQiMjRygZGhIzPBQlNzstHhFSQlUmLwgpKi/8QAFAEBAAAAAAAAAAAAAAAAAAAAAP/EABQRAQAAAAAAAAAAAAAAAAAAAAD/2gAMAwEAAhEDEQA/APsoAAAAAAAAAAAAAAAAAAAAAAAAAAAAAAAAAAAAAAAAAAAAAAAAAAAAAAAAAAAAAAAAAAAAAAAAAAAAAAAAAAAAAAAAAAAAAAAAAAAAAAAAAAAAAAAAAAAAAAAAAAAAAAAAAAAAAAAAAAAAAAAAAAAAAAAAAAAAAAAAAAAAAAAAAAAAAAAAAAAAAAAAAAAAAAAAAAAAAAAAAAAAAAAAAAAAAAAAAAAAAAAAAAAAAAAAAAAAAAAAAAAAAAAAAAAAAAAAAAAAAAAAAAAAAAAAAAAAAAAAAAAAAAAAAAAAAAAAAAAAAAAAAAAAAAAAAAAAAAAAAAAAAAAAAAAAAAAAAAAAAAAAAAAAAAAAAAAAAAAAAAAAAAAAAAAAAAAAAAAAAAAAAAAAAAAAAAAAAAAAAAAAAAAAAAAAAAAAAAAAAAAAAAAAAAAAAAAAAAAAAAAAAAAAAAAAAAAAAAAAAAAAAAAAAAAAAAAAAAAAAAAAAAAAAAAAAAAAAAAAAAAAAAAAAAAAAAAAAAAAAAAAAAAAAAAAAAAAAAAAAAAAAAAAAAAAAAAAAAAAAAAAAAAAAAAAAAAAAAAAAAAAAAAAAAAAAAAAAAAAAAAAAAAAAAAAAAAAAAAAAAAAAAAAAAAAAAAAAAAAAAAAAAAAAAAAAAAAAAAAAAAAAAAAAAAAAAAAAAAAAAAAAAAAAAAAAAAAAAAAAAAAAAAAAAAAAAAAAAAAAAAAAAAAAAAAAAAAAAAAAAAAAAAAAAAAAAAAAAAAAAAAAAAAAAAAAAAAAAAAAAAAAAAAAAAAAAAAAAAAAAAAAAAAAAAAAAAAAAAAAAAAAAAAAAAAAAAAAAAAAAAAAAAAAAAAAAAAAAAAAAAAAAAAAAAAAAAAAAAAAAAAAAAAAAAAAAAAAAAAAAAAAAAAAAAAAAAAAAAAAAAAAAAAAAAAAAAAAAAAAAAAAAAAAAAAAAAAAAAAAAAAAAAAAAAAAAAAAAAAAAAAAAAAAAAAAAAAAAAAAAAAAAAAAAAAAAAAAAAAAAAAAAAAAAAAAAAAAAAAAAAAAAAAAAAAAAAAAAAAAAAAAAAAAAAAAAAAAAAAAAAAAAAAAAAAAAAAAAAAAAAAAAAAAAAAAAAAAAAAAAAAAAAAAAAAAAAAAAAAAAAAAAAAAAAAAAAAAAAAAAAAAAAAAAAAAAAAAAAAAAAAAAAAAAAAAAAAAAAAAAAAAAAAAAAAAAAAAAAAAAAAAAAAAAAAAAAAAAAAAAAAAAAAAAAAAAAAAAAAAAAAAAAAAAAAAAAAAAAAAAAAAAAAAAAAAAAAAAAAAAAAAAAAAAAAAAh/EfEbaLT0pp8nLntO/rtEJTTWm+mw2tO9rUrMz79oBsGjW6mmj0182X7NY7R5z6K9XX8Y1s2y6THMYontSsbfDee4LQIbgvFr6nJbTausU1EdvLm27xt5Sl8uSuLHbJkmK0rG8z6QD0KzPFeJa/Lf/h2Oa46+kRM/nMt/DOL541caTiVeXJM7RaY2mJ9J/wBQT4WmK1m1piKxG8zPkrWbi2v12otTheOYpXz23mY9Z36R8AWUV7Q8Y1WDV103FKcvNMRF5jaY9Jn3LCAAAAAAAPGozU0+C+XJMRSkbzuifDmtz62uptqLzbltHLG0RtExPQEyMq7r+ManLq7aXhlOaYnabxG8zMd9vcCwis4+LcQ0GopXieOZx27zNYifjEx0lZaWretbVneto3iY84BkQnGeL5MGojS6KsXz+c7b7b+UR5y4rcR4vobVya3HNsUzttasR+W8dpBaBq0uemp09M2Kd6XjeEbxvi1tHeuDTVi+otG/WN+X06ecglxV767jOjiubU45nFM9YtWIj9uywaDV49bpqZsXSLd4nvE+cA6AAAAAAAAAAAAAAAAAAAAAAAAAAAAAAAAAAAAAAAAAAAAHHxbBqNRpeTSZPZ5OaJ35pjp6dHYAo/FeHanRUrk1N6X9pMxvFpmeke9c9H9z0/8Ah1+UITxj900/47f5U3o/uen/AMOvygEF4tyWtbS6ev8Aambz8e0f1T2mw10+DHipERWlYrCu8e6+INHWe31P8yzArPH6/Q+MaXV4425tpnbzmJ2n9pdvirNOPhsUrP8ANvET8I6/6Obxj/K0s+fNb5Q1+Krb6TQ++s/KATPBdPGn4ZgpERvavPbp3meqL8W4NqYNTTpetuSZ/ePknsEbYccR25Y+SL8UxvwqZ9MlQeeMauZ8PxkrO1s9ax09/du8OaeuHhWKYja2Xe8z6+iH4lO/hnh34vlusXDY24dpYj+6r8gRnizTxfRUzxH1sdtt/dKS4XmnUcO0+W072tSN/jHRz+I434PqN/Lln94Y8NTvwfD7rW+YJND8U4tm0GtpjyYKWwW2mL7zvt5/nCYcHGtF9O0NqViPa0+tT4+n5g7YvX2ftOaOSY5ub3d90VwziuXX63JTHgpGCm8zfed9vL9UFHFMs8I+g7W55tyxP/h6fHfos/B9FGh0NMcx/Ft9bJ8fT8gdoAKtq+DcRyRe+bUVyVrvba2SZ6d3R4O/lar8VflKe1H3fL+C3ylAeDf5Op/FX5SCa4jmnT6DUZY71pMx8fJFeEtPFdJlzzG9725d/dH+7r8RztwfP/8AGP3hjw1H/R8Prvb5yD14gwRn4Vm6fWxxz1n4NXhzPz8Hibzv7GZr19I6pDXRE6HUb/3dvlKv+HrTHBeIe6Jn/wDAM+GKfSdbqtZkje0dpn1tO/yT2t08anSZcNo3i9ZiPj5IjwfH/KaiY7+0iP2T8d4BX/COabYM+G0/YtFo38t+/wAnPwSv03jup1WSN+Te1d/WZ2j9mPDczGu18R25J/a0tng7rGqt+H+oLDmxVzYb4rxE1vExMK/4UvbHm1eltP2frR8Ynaf6LGrPB+niXWRHb+J84BZhlgAAAAAAAAAAAAAAAAAAAAAAAAAAAAAAAAAAAAAAAAAAAAFf8Y/dNP8Ajt/lTej+56f/AA6/KEJ4x+6ab8dvkm9H9z0/+HX5QCv+J49lxLR55j6u0bz8Lb/1WXv27IzxBobazQ/w682XHPNWPWPOEfw7xBixaWuPVUyTkxxy71jfeI9feDHi63Pl0mGOtp3nb4zENni3DtodNMR9i3L+3+zn4fXJxfjP0zJTbBimNo8o27R/VPcU0v0zQ5cP9qY3rPvjsDZockZdFgyR2tjrP7IrxbkivDsdPO+SP2if9nFwnjEcPxW0mtx5P4czEbRvMe6XjLkvx7ieOmOk102Pvv5R5zPvkHRxXBNPDOj3jrj5Jn3bxP8Aql+DZPacL0to/wCyI/To263TV1Ojy6ftFq7R7vT+iucK4nPCpyaTW478tbbxyx1rPn8YkEr4nvFOE3ie971rH67/ANG3w/jnHwfTbxtNom36zKD12qycc1uHT6alq4qzvO/72n0WrFSMeOlKRtWsREQD01arPTTae+bJO1aRvLarXiPVW1OrxcP087zzRzRE97eUfkCJrkzV1FeI+zjl9tMx0+rv32XjT5qajBTLjnel43hx34ZinhX0KNtor0t/5d9/1RXhnV2w58nD8/S0TM1ifKY7x/UFkAB41H3fL+C3ylAeDv5Op/FX5Sn9R93y/gt8pQHg3b2Gp2n+1X5SCU47ScnCdVERvMU5v0ndzeF7xbhUVjvS9on5pa9YvS1bRvW0bTHuVTR6i/AtdmwZ6Wthv1iY7zHlMAsXFckYuG6q0/3cx+vRFeGsE24PqImP5lrRH/12cvFuKTxOtNJosd5i9t53jrb0/JYeH6aNJo8WCs78kdZ9Z8wQvg++2PVY56Wi1bbflssNrRStrW6RWN5lV9R7TgnGLZ6030+XfpHaYnvHxiWzinHaajTWwaSmTnyRyzNo7R6R6yDPhOntM2syz2mIrv8AGZljwpPs9XrMFuloiOnwmY/qlOBaKdFoK1vG2W889o9PSETxSmThXF41uKu+HJO8+m894/qC0Kx4d/jcY1mePs7W2/OzZr/EOK+ltj0tMkZLxtvaPs7/ADl2+HNFbR6KbZazXLlnmmJ7xHlH/vqCVAAAAAAAAAAAAAAAAAAAAAAAAAAAAAAAAAAAAAAAAAAAAABiYi0bWiJ+MMgA5s2g0ma/Pl0+K1/WaukB5x0rjpFMda1rHaKxtEPQA0ajR6fUzE58GPJMedo6/q2YcOLBTkw460r6VjZ7AGnUaXBqYj2+GmTbtzQ3ANeDT4dPTlwYqY6+lY2bAAY5a778td/XZkAY5a83Ny139durIAAAxFYr9mIj4RsyANefBi1FOXPjpkr6WjdsAadPpNPppmdPhpjme81jq3ADzkx0y0mmSlb1nvFo3hpwaHS6e/Nh0+OlvWI6ugAYvSuSk1vWLVnvExvEsgObDoNJhyc+LTYq3jtMV7OkAAAAAAAAAAAAAAAAAAAAAAAAAAAAAAAAAAAAAAAAAAAAAAAAAAAAAAAAAAAAAAAAAAAAAAAAAAAAAAAAAAAAAAAAAAAAAAAAAAAAAAAAAAAAAAAAAAAAAAAAAAAAAAAAAAAAAAAAAAAAAAAAAAAAAAAAAAAAAAAAAAAAAAAAAAAAAAAAAAAAAAAAAAAAAAAAAAAAAAAAAAAAAAAAAAAAAAAAAAAAAAAAAAAAAAAAAAAAAAAAAAAAAAAAAAAAAAAAAAAAAAAAAAAAAAAAAAAAAAAAAAAAAAAAAAAAAAAAAAAAAAAAAAAAAAAAAAAAAAAAAAAAAAAAAAAAAAAAAAAAAAAAAAAAAAAAAAAAAAAAAAAAAAAAAAAAAAAAAAAAAAAAAAAAAAAAAAAAAAAAAAAAAAAAAAAAAAAAAAAAAAAAAAAAAAAAAAAAAAAAAAAAAAAAAAAAAAAAAAAAAAAAAAAAAAAAAAAAAAAAAAAAAAAAAAAAAAAAAAAAAAAAAAAAAAAAAAAAAAAAAAAAAAAAAAAAAAAAAAAAAAAAAAAAAAAAAAAAAAAAAAAAAAAAAAAAAAAAAAAAAAAAAAAAAAAAAAAAAAAAAAAAAAAAAAAAAAAAAAAAAAAAAAAAAAAAAAAAAAAAAAAAAAAAAAAAAAAAAAAAAAAAAAAAAAAAAAAAAAAAAAAAAAAAAAAAAAAAAAAAAAAAAAAAAAAAAAAAAAAAAAAAAAAAAAAAAAAAAAAAAAAAAAAAAAAAAAAAAAAAAAAAAAAAAAAAAAAAAAAAAAAAAAAAAAAAAAAAAAAAAAAAAAAAAAAAAAAAAAAAAAAAAAAAAAAAAAAAAAAAAAAAAAAAAAAAAAAAAAAAAAAAAAAAAAAAAAAAAAAAAAAAAAAAAAAAAAAAAAAAAAAAAAAAAAAAAAAAAAAAAAAAAAAAAAAAAAAAAAAAAAAAAAAAAAAAAAAAAAAAAAAAAAAAAAAAAAAAAAAAAAAAAAAAAAAAAAAAAAAAAAAAAAAAAAAAAAAAAAAAAAAAAAAAAAAAAAAAAAAAAAAAAAAAAAAAAAAAAAAAAAAAAAAAAAAAAAAAAAAAAAAAAAAAAAAAAAAAAAAAAAAAAAAAAAAAAAAAAAAAAAAAAAAAAAAAAAAAAAAAAAAAAAAAAAAAAAAAAAAAAAAAAAAAAAAAAAAAAAAAAAAAAAAAAAAAAAAAAAAAAAAAAAAAAAAAAAAAAAAAAAAAAAABq1GX2NKztE72ivW3LH6/k801eO9Yn61em/2f1jf3bg3jRfV4a0m3PvHbpHx/0ktqsVYmZmdo26xHSd43jqDeOeNVW18VccTaLzG9tukRyzPf17MxqIjJkreLRyzMRMVnadqxP6g3jVfPSuG+SJ3rTvP6f6td9VE2mMNYyRFq1mebbrP5A6Ry/TKxeaTS3NGT2e2/eN9ub4N1ctbYPa9YrtMz8IBsGmct4pE2xTFrTEVrzR139/k1zrK1tMWpaJisz3j7W8xy/sDqHnFf2mKl9tuasW29N4AegAAAAAAAAAAAAAAAAAAAAAAAAAAAAAAAAAAAAAAAAAAAAAAAAAAAAAAAAAAAAAYvSt9uaInad4+LxODHNrWmu82iYnrPn3AHn6Niik1im0bxPSZjrttu9Ww47VmJr0mYnv6RtAARgxxet4rPNXt1n02+TE4aRktkr0yT5zMzG+22+3wAGceClMFcMR9SI2+P/svVqVtabWje0zE77+nYAY9lj/7Y33338999/nEMUwUp0jm2332m0zHn5fmAMfR8fJybW27/AGp3j4T5M1w467bUjpt36+v79ZAHutYpWK1jasRtEAA//9k=\\""`;

exports[`ReactwayImagePlugin loader Image with not a number query 1`] = `"module.exports = {src: __webpack_public_path__ + \\"assets/images/a1036f6e96c70017-1000jpg-600h.jpg\\",toString:function(){return __webpack_public_path__ + \\"assets/images/a1036f6e96c70017-1000jpg-600h.jpg\\"}};"`;

exports[`ReactwayImagePlugin loader Image with only height query 1`] = `"module.exports = {src: __webpack_public_path__ + \\"assets/images/a1036f6e96c70017-1000jpg-600h.jpg\\",toString:function(){return __webpack_public_path__ + \\"assets/images/a1036f6e96c70017-1000jpg-600h.jpg\\"}};"`;

exports[`ReactwayImagePlugin loader Image with only width query 1`] = `"module.exports = {src: __webpack_public_path__ + \\"assets/images/a1036f6e96c70017-1000jpg-600h.jpg\\",toString:function(){return __webpack_public_path__ + \\"assets/images/a1036f6e96c70017-1000jpg-600h.jpg\\"}};"`;

exports[`ReactwayImagePlugin loader Image with query 1`] = `"module.exports = {src: __webpack_public_path__ + \\"assets/images/a1036f6e96c70017-1000jpg-600h.jpg\\",toString:function(){return __webpack_public_path__ + \\"assets/images/a1036f6e96c70017-1000jpg-600h.jpg\\"}};"`;

exports[`ReactwayImagePlugin loader Initial loader load 1`] = `"module.exports = {src: __webpack_public_path__ + \\"assets/images/a1036f6e96c70017-1000jpg-600h.jpg\\",toString:function(){return __webpack_public_path__ + \\"assets/images/a1036f6e96c70017-1000jpg-600h.jpg\\"}};"`;

exports[`ReactwayImagePlugin loader Optimize images in dev 1`] = `"module.exports = {src: __webpack_public_path__ + \\"assets/images/a1036f6e96c70017-1000jpg-600h.jpg\\",toString:function(){return __webpack_public_path__ + \\"assets/images/a1036f6e96c70017-1000jpg-600h.jpg\\"}};"`;

exports[`ReactwayImagePlugin loader Optimizing images in production mode 1`] = `
"// TODO: Split imports for certain tests
import jpg from \\"./150x150jpg.jpg\\";
import png from \\"./100png.png\\";
const queryImage = require(\\"./1000jpg.jpg?width=200&height=600\\");
const textQueryImage = require(\\"./1000jpg.jpg?width=test&height=test\\");
const queryImageHeight = require(\\"./1000jpg.jpg?height=600\\");
const queryImageWidth = require(\\"./1000jpg.jpg?width=200\\");
"
`;

exports[`ReactwayImagePlugin loader Running webpack in production mode 1`] = `
"// TODO: Split imports for certain tests
import jpg from \\"./150x150jpg.jpg\\";
import png from \\"./100png.png\\";
const queryImage = require(\\"./1000jpg.jpg?width=200&height=600\\");
const textQueryImage = require(\\"./1000jpg.jpg?width=test&height=test\\");
const queryImageHeight = require(\\"./1000jpg.jpg?height=600\\");
const queryImageWidth = require(\\"./1000jpg.jpg?width=200\\");
"
`;

exports[`ReactwayImagePlugin loader Setting new output path for image loader 1`] = `"module.exports = {src: __webpack_public_path__ + \\"images/a1036f6e96c70017-1000jpg-600h.jpg\\",toString:function(){return __webpack_public_path__ + \\"images/a1036f6e96c70017-1000jpg-600h.jpg\\"}};"`;
